<frozen importlib._bootstrap>:488: Warning: Numpy built with MINGW-W64 on Windows 64 bits is experimental, and only available for 
testing. You are advised not to use it for production. 

CRASHES ARE TO BE EXPECTED - PLEASE REPORT THEM TO NUMPY DEVELOPERS
C:\Users\91915\AppData\Local\Packages\PythonSoftwareFoundation.Python.3.13_qbz5n2kfra8p0\LocalCache\local-packages\Python313\site-packages\numpy\core\getlimits.py:225: RuntimeWarning: invalid value encountered in exp2
  epsneg_f128 = exp2(ld(-113))
C:\Users\91915\AppData\Local\Packages\PythonSoftwareFoundation.Python.3.13_qbz5n2kfra8p0\LocalCache\local-packages\Python313\site-packages\numpy\core\getlimits.py:226: RuntimeWarning: invalid value encountered in exp2
  tiny_f128 = exp2(ld(-16382))
C:\Users\91915\AppData\Local\Packages\PythonSoftwareFoundation.Python.3.13_qbz5n2kfra8p0\LocalCache\local-packages\Python313\site-packages\numpy\core\getlimits.py:240: RuntimeWarning: invalid value encountered in exp2
  eps=exp2(ld(-112)),
C:\Users\91915\AppData\Local\Packages\PythonSoftwareFoundation.Python.3.13_qbz5n2kfra8p0\LocalCache\local-packages\Python313\site-packages\numpy\core\getlimits.py:41: RuntimeWarning: invalid value encountered in nextafter
  self._smallest_subnormal = nextafter(
C:\Users\91915\AppData\Local\Packages\PythonSoftwareFoundation.Python.3.13_qbz5n2kfra8p0\LocalCache\local-packages\Python313\site-packages\numpy\core\getlimits.py:52: RuntimeWarning: invalid value encountered in log10
  self.precision = int(-log10(self.eps))
C:\Users\91915\AppData\Local\Packages\PythonSoftwareFoundation.Python.3.13_qbz5n2kfra8p0\LocalCache\local-packages\Python313\site-packages\numpy\core\getlimits.py:250: RuntimeWarning: invalid value encountered in exp2
  epsneg_f80 = exp2(ld(-64))
C:\Users\91915\AppData\Local\Packages\PythonSoftwareFoundation.Python.3.13_qbz5n2kfra8p0\LocalCache\local-packages\Python313\site-packages\numpy\core\getlimits.py:251: RuntimeWarning: invalid value encountered in exp2
  tiny_f80 = exp2(ld(-16382))
C:\Users\91915\AppData\Local\Packages\PythonSoftwareFoundation.Python.3.13_qbz5n2kfra8p0\LocalCache\local-packages\Python313\site-packages\numpy\core\getlimits.py:265: RuntimeWarning: invalid value encountered in exp2
  eps=exp2(ld(-63)),
C:\Users\91915\AppData\Local\Packages\PythonSoftwareFoundation.Python.3.13_qbz5n2kfra8p0\LocalCache\local-packages\Python313\site-packages\numpy\core\getlimits.py:277: RuntimeWarning: invalid value encountered in nextafter
  huge_dd = nextafter(ld(inf), ld(0), dtype=ld)
C:\Users\91915\AppData\Local\Packages\PythonSoftwareFoundation.Python.3.13_qbz5n2kfra8p0\LocalCache\local-packages\Python313\site-packages\numpy\core\getlimits.py:293: RuntimeWarning: invalid value encountered in exp2
  eps=exp2(ld(-105)),
C:\Users\91915\AppData\Local\Packages\PythonSoftwareFoundation.Python.3.13_qbz5n2kfra8p0\LocalCache\local-packages\Python313\site-packages\numpy\core\getlimits.py:294: RuntimeWarning: invalid value encountered in exp2
  epsneg=exp2(ld(-106)),
Traceback (most recent call last):
  File "<frozen runpy>", line 203, in _run_module_as_main
  File "<frozen runpy>", line 88, in _run_code
  File "C:\Users\91915\AppData\Local\Packages\PythonSoftwareFoundation.Python.3.13_qbz5n2kfra8p0\LocalCache\local-packages\Python313\site-packages\pytest\__main__.py", line 9, in <module>
    raise SystemExit(_console_main())
                     ~~~~~~~~~~~~~^^
  File "C:\Users\91915\AppData\Local\Packages\PythonSoftwareFoundation.Python.3.13_qbz5n2kfra8p0\LocalCache\local-packages\Python313\site-packages\_pytest\config\__init__.py", line 253, in _console_main
    code = _main(prog=_get_prog_name(sys.argv))
  File "C:\Users\91915\AppData\Local\Packages\PythonSoftwareFoundation.Python.3.13_qbz5n2kfra8p0\LocalCache\local-packages\Python313\site-packages\_pytest\config\__init__.py", line 223, in _main
    config = _prepareconfig(new_args, plugins, prog=prog)
  File "C:\Users\91915\AppData\Local\Packages\PythonSoftwareFoundation.Python.3.13_qbz5n2kfra8p0\LocalCache\local-packages\Python313\site-packages\_pytest\config\__init__.py", line 410, in _prepareconfig
    config: Config = pluginmanager.hook.pytest_cmdline_parse(
                     ~~~~~~~~~~~~~~~~~~~~~~~~~~~~~~~~~~~~~~~^
        pluginmanager=pluginmanager, args=args
        ^^^^^^^^^^^^^^^^^^^^^^^^^^^^^^^^^^^^^^
    )
    ^
  File "C:\Users\91915\AppData\Local\Packages\PythonSoftwareFoundation.Python.3.13_qbz5n2kfra8p0\LocalCache\local-packages\Python313\site-packages\pluggy\_hooks.py", line 512, in __call__
    return self._hookexec(self.name, self._hookimpls.copy(), kwargs, firstresult)
           ~~~~~~~~~~~~~~^^^^^^^^^^^^^^^^^^^^^^^^^^^^^^^^^^^^^^^^^^^^^^^^^^^^^^^^
  File "C:\Users\91915\AppData\Local\Packages\PythonSoftwareFoundation.Python.3.13_qbz5n2kfra8p0\LocalCache\local-packages\Python313\site-packages\pluggy\_manager.py", line 120, in _hookexec
    return self._inner_hookexec(hook_name, methods, kwargs, firstresult)
           ~~~~~~~~~~~~~~~~~~~~^^^^^^^^^^^^^^^^^^^^^^^^^^^^^^^^^^^^^^^^^
  File "C:\Users\91915\AppData\Local\Packages\PythonSoftwareFoundation.Python.3.13_qbz5n2kfra8p0\LocalCache\local-packages\Python313\site-packages\pluggy\_callers.py", line 167, in _multicall
    raise exception
  File "C:\Users\91915\AppData\Local\Packages\PythonSoftwareFoundation.Python.3.13_qbz5n2kfra8p0\LocalCache\local-packages\Python313\site-packages\pluggy\_callers.py", line 139, in _multicall
    teardown.throw(exception)
    ~~~~~~~~~~~~~~^^^^^^^^^^^
  File "C:\Users\91915\AppData\Local\Packages\PythonSoftwareFoundation.Python.3.13_qbz5n2kfra8p0\LocalCache\local-packages\Python313\site-packages\_pytest\helpconfig.py", line 124, in pytest_cmdline_parse
    config = yield
             ^^^^^
  File "C:\Users\91915\AppData\Local\Packages\PythonSoftwareFoundation.Python.3.13_qbz5n2kfra8p0\LocalCache\local-packages\Python313\site-packages\pluggy\_callers.py", line 121, in _multicall
    res = hook_impl.function(*args)
  File "C:\Users\91915\AppData\Local\Packages\PythonSoftwareFoundation.Python.3.13_qbz5n2kfra8p0\LocalCache\local-packages\Python313\site-packages\_pytest\config\__init__.py", line 1232, in pytest_cmdline_parse
    self.parse(args)
    ~~~~~~~~~~^^^^^^
  File "C:\Users\91915\AppData\Local\Packages\PythonSoftwareFoundation.Python.3.13_qbz5n2kfra8p0\LocalCache\local-packages\Python313\site-packages\_pytest\config\__init__.py", line 1583, in parse
    self.pluginmanager.load_setuptools_entrypoints("pytest11")
    ~~~~~~~~~~~~~~~~~~~~~~~~~~~~~~~~~~~~~~~~~~~~~~^^^^^^^^^^^^
  File "C:\Users\91915\AppData\Local\Packages\PythonSoftwareFoundation.Python.3.13_qbz5n2kfra8p0\LocalCache\local-packages\Python313\site-packages\pluggy\_manager.py", line 416, in load_setuptools_entrypoints
    plugin = ep.load()
  File "C:\Program Files\WindowsApps\PythonSoftwareFoundation.Python.3.13_3.13.3824.0_x64__qbz5n2kfra8p0\Lib\importlib\metadata\__init__.py", line 179, in load
    module = import_module(match.group('module'))
  File "C:\Program Files\WindowsApps\PythonSoftwareFoundation.Python.3.13_3.13.3824.0_x64__qbz5n2kfra8p0\Lib\importlib\__init__.py", line 88, in import_module
    return _bootstrap._gcd_import(name[level:], package, level)
           ~~~~~~~~~~~~~~~~~~~~~~^^^^^^^^^^^^^^^^^^^^^^^^^^^^^^
  File "<frozen importlib._bootstrap>", line 1395, in _gcd_import
  File "<frozen importlib._bootstrap>", line 1360, in _find_and_load
  File "<frozen importlib._bootstrap>", line 1310, in _find_and_load_unlocked
  File "<frozen importlib._bootstrap>", line 488, in _call_with_frames_removed
  File "<frozen importlib._bootstrap>", line 1395, in _gcd_import
  File "<frozen importlib._bootstrap>", line 1360, in _find_and_load
  File "<frozen importlib._bootstrap>", line 1331, in _find_and_load_unlocked
  File "<frozen importlib._bootstrap>", line 935, in _load_unlocked
  File "C:\Users\91915\AppData\Local\Packages\PythonSoftwareFoundation.Python.3.13_qbz5n2kfra8p0\LocalCache\local-packages\Python313\site-packages\_pytest\assertion\rewrite.py", line 188, in exec_module
    exec(co, module.__dict__)
    ~~~~^^^^^^^^^^^^^^^^^^^^^
  File "C:\Users\91915\AppData\Local\Packages\PythonSoftwareFoundation.Python.3.13_qbz5n2kfra8p0\LocalCache\local-packages\Python313\site-packages\zarr\__init__.py", line 6, in <module>
    from zarr.api.synchronous import (
    ...<29 lines>...
    )
  File "<frozen importlib._bootstrap>", line 1360, in _find_and_load
  File "<frozen importlib._bootstrap>", line 1331, in _find_and_load_unlocked
  File "<frozen importlib._bootstrap>", line 935, in _load_unlocked
  File "C:\Users\91915\AppData\Local\Packages\PythonSoftwareFoundation.Python.3.13_qbz5n2kfra8p0\LocalCache\local-packages\Python313\site-packages\_pytest\assertion\rewrite.py", line 188, in exec_module
    exec(co, module.__dict__)
    ~~~~^^^^^^^^^^^^^^^^^^^^^
  File "C:\Users\91915\AppData\Local\Packages\PythonSoftwareFoundation.Python.3.13_qbz5n2kfra8p0\LocalCache\local-packages\Python313\site-packages\zarr\api\synchronous.py", line 7, in <module>
    import zarr.api.asynchronous as async_api
  File "<frozen importlib._bootstrap>", line 1360, in _find_and_load
  File "<frozen importlib._bootstrap>", line 1331, in _find_and_load_unlocked
  File "<frozen importlib._bootstrap>", line 935, in _load_unlocked
  File "C:\Users\91915\AppData\Local\Packages\PythonSoftwareFoundation.Python.3.13_qbz5n2kfra8p0\LocalCache\local-packages\Python313\site-packages\_pytest\assertion\rewrite.py", line 188, in exec_module
    exec(co, module.__dict__)
    ~~~~^^^^^^^^^^^^^^^^^^^^^
  File "C:\Users\91915\AppData\Local\Packages\PythonSoftwareFoundation.Python.3.13_qbz5n2kfra8p0\LocalCache\local-packages\Python313\site-packages\zarr\api\asynchronous.py", line 13, in <module>
    from zarr.core.array import (
    ...<7 lines>...
    )
  File "<frozen importlib._bootstrap>", line 1360, in _find_and_load
  File "<frozen importlib._bootstrap>", line 1331, in _find_and_load_unlocked
  File "<frozen importlib._bootstrap>", line 935, in _load_unlocked
  File "C:\Users\91915\AppData\Local\Packages\PythonSoftwareFoundation.Python.3.13_qbz5n2kfra8p0\LocalCache\local-packages\Python313\site-packages\_pytest\assertion\rewrite.py", line 188, in exec_module
    exec(co, module.__dict__)
    ~~~~^^^^^^^^^^^^^^^^^^^^^
  File "C:\Users\91915\AppData\Local\Packages\PythonSoftwareFoundation.Python.3.13_qbz5n2kfra8p0\LocalCache\local-packages\Python313\site-packages\zarr\core\__init__.py", line 8, in <module>
    from zarr.core.buffer import Buffer, NDBuffer  # noqa: F401
    ^^^^^^^^^^^^^^^^^^^^^^^^^^^^^^^^^^^^^^^^^^^^^
  File "<frozen importlib._bootstrap>", line 1360, in _find_and_load
  File "<frozen importlib._bootstrap>", line 1331, in _find_and_load_unlocked
  File "<frozen importlib._bootstrap>", line 935, in _load_unlocked
  File "C:\Users\91915\AppData\Local\Packages\PythonSoftwareFoundation.Python.3.13_qbz5n2kfra8p0\LocalCache\local-packages\Python313\site-packages\_pytest\assertion\rewrite.py", line 188, in exec_module
    exec(co, module.__dict__)
    ~~~~^^^^^^^^^^^^^^^^^^^^^
  File "C:\Users\91915\AppData\Local\Packages\PythonSoftwareFoundation.Python.3.13_qbz5n2kfra8p0\LocalCache\local-packages\Python313\site-packages\zarr\core\buffer\__init__.py", line 10, in <module>
    from zarr.core.buffer.cpu import numpy_buffer_prototype
  File "<frozen importlib._bootstrap>", line 1360, in _find_and_load
  File "<frozen importlib._bootstrap>", line 1331, in _find_and_load_unlocked
  File "<frozen importlib._bootstrap>", line 935, in _load_unlocked
  File "C:\Users\91915\AppData\Local\Packages\PythonSoftwareFoundation.Python.3.13_qbz5n2kfra8p0\LocalCache\local-packages\Python313\site-packages\_pytest\assertion\rewrite.py", line 188, in exec_module
    exec(co, module.__dict__)
    ~~~~^^^^^^^^^^^^^^^^^^^^^
  File "C:\Users\91915\AppData\Local\Packages\PythonSoftwareFoundation.Python.3.13_qbz5n2kfra8p0\LocalCache\local-packages\Python313\site-packages\zarr\core\buffer\cpu.py", line 13, in <module>
    from zarr.registry import (
    ...<2 lines>...
    )
  File "<frozen importlib._bootstrap>", line 1360, in _find_and_load
  File "<frozen importlib._bootstrap>", line 1331, in _find_and_load_unlocked
  File "<frozen importlib._bootstrap>", line 935, in _load_unlocked
  File "C:\Users\91915\AppData\Local\Packages\PythonSoftwareFoundation.Python.3.13_qbz5n2kfra8p0\LocalCache\local-packages\Python313\site-packages\_pytest\assertion\rewrite.py", line 188, in exec_module
    exec(co, module.__dict__)
    ~~~~^^^^^^^^^^^^^^^^^^^^^
  File "C:\Users\91915\AppData\Local\Packages\PythonSoftwareFoundation.Python.3.13_qbz5n2kfra8p0\LocalCache\local-packages\Python313\site-packages\zarr\registry.py", line 9, in <module>
    from zarr.core.dtype import data_type_registry
  File "<frozen importlib._bootstrap>", line 1360, in _find_and_load
  File "<frozen importlib._bootstrap>", line 1331, in _find_and_load_unlocked
  File "<frozen importlib._bootstrap>", line 935, in _load_unlocked
  File "C:\Users\91915\AppData\Local\Packages\PythonSoftwareFoundation.Python.3.13_qbz5n2kfra8p0\LocalCache\local-packages\Python313\site-packages\_pytest\assertion\rewrite.py", line 188, in exec_module
    exec(co, module.__dict__)
    ~~~~^^^^^^^^^^^^^^^^^^^^^
  File "C:\Users\91915\AppData\Local\Packages\PythonSoftwareFoundation.Python.3.13_qbz5n2kfra8p0\LocalCache\local-packages\Python313\site-packages\zarr\core\dtype\__init__.py", line 46, in <module>
    from zarr.core.dtype.npy.string import (
    ...<5 lines>...
    )
  File "<frozen importlib._bootstrap>", line 1360, in _find_and_load
  File "<frozen importlib._bootstrap>", line 1331, in _find_and_load_unlocked
  File "<frozen importlib._bootstrap>", line 935, in _load_unlocked
  File "C:\Users\91915\AppData\Local\Packages\PythonSoftwareFoundation.Python.3.13_qbz5n2kfra8p0\LocalCache\local-packages\Python313\site-packages\_pytest\assertion\rewrite.py", line 188, in exec_module
    exec(co, module.__dict__)
    ~~~~^^^^^^^^^^^^^^^^^^^^^
  File "C:\Users\91915\AppData\Local\Packages\PythonSoftwareFoundation.Python.3.13_qbz5n2kfra8p0\LocalCache\local-packages\Python313\site-packages\zarr\core\dtype\npy\string.py", line 453, in <module>
    class VariableLengthUTF8(ZDType[np.dtypes.StringDType, str], HasObjectCodec):  # type: ignore[type-var]
                                    ^^^^^^^^^^^^^^^^^^^^^
AttributeError: module 'numpy.dtypes' has no attribute 'StringDType'. Did you mean: 'StrDType'?
